  Hell22.cpp
  LINK : 0 new modules and 1 (out of 49) modules have changed since prior linking
  LINK : padding exhausted (3): performing full link
  Invoking LINK.EXE:
  
  Starting pass 1
   /ERRORREPORT:PROMPT @C:\Users\user\AppData\Local\Temp\MSBuildTemp\tmpfd1d338a0dbe46e1bdfabf4829247402.rsp
   /nologo
   /incremental
   /fullbuild
  Processed /DEFAULTLIB:msvcprtd
  Processed /DEFAULTLIB:MSVCRTD
  Processed /DEFAULTLIB:OLDNAMES
  
  Searching libraries
      Searching C:\Program Files (x86)\Windows Kits\10\lib\10.0.26100.0\um\x64\kernel32.lib:
      Searching C:\Program Files (x86)\Windows Kits\10\lib\10.0.26100.0\um\x64\user32.lib:
      Searching C:\Program Files (x86)\Windows Kits\10\lib\10.0.26100.0\um\x64\gdi32.lib:
      Searching C:\Program Files (x86)\Windows Kits\10\lib\10.0.26100.0\um\x64\winspool.lib:
      Searching C:\Program Files (x86)\Windows Kits\10\lib\10.0.26100.0\um\x64\comdlg32.lib:
      Searching C:\Program Files (x86)\Windows Kits\10\lib\10.0.26100.0\um\x64\advapi32.lib:
      Searching C:\Program Files (x86)\Windows Kits\10\lib\10.0.26100.0\um\x64\shell32.lib:
      Searching C:\Program Files (x86)\Windows Kits\10\lib\10.0.26100.0\um\x64\ole32.lib:
      Searching C:\Program Files (x86)\Windows Kits\10\lib\10.0.26100.0\um\x64\oleaut32.lib:
      Searching C:\Program Files (x86)\Windows Kits\10\lib\10.0.26100.0\um\x64\uuid.lib:
      Searching C:\Program Files (x86)\Windows Kits\10\lib\10.0.26100.0\um\x64\odbc32.lib:
      Searching C:\Program Files (x86)\Windows Kits\10\lib\10.0.26100.0\um\x64\odbccp32.lib:
      Searching C:\Program Files\Microsoft Visual Studio\2022\Community\VC\Tools\MSVC\14.44.35207\lib\x64\msvcprtd.lib:
        Found "__declspec(dllimport) public: __cdecl std::_Lockit::_Lockit(int)" (__imp_??0_Lockit@std@@QEAA@H@Z)
          Referenced in Hell22.obj
          Loaded msvcprtd.lib(MSVCP140D.dll)
        Found "__declspec(dllimport) public: __cdecl std::_Lockit::~_Lockit(void)" (__imp_??1_Lockit@std@@QEAA@XZ)
          Referenced in Hell22.obj
          Loaded msvcprtd.lib(MSVCP140D.dll)
        Found "void __cdecl std::_Xlength_error(char const *)" (?_Xlength_error@std@@YAXPEBD@Z)
          Referenced in Hell22.obj
          Loaded msvcprtd.lib(MSVCP140D.dll)
        Found "void __cdecl std::_Xout_of_range(char const *)" (?_Xout_of_range@std@@YAXPEBD@Z)
          Referenced in Hell22.obj
          Loaded msvcprtd.lib(MSVCP140D.dll)
        Found "bool __cdecl std::uncaught_exception(void)" (?uncaught_exception@std@@YA_NXZ)
          Referenced in Hell22.obj
          Loaded msvcprtd.lib(MSVCP140D.dll)
        Found "void __cdecl std::_Facet_Register(class std::_Facet_base *)" (?_Facet_Register@std@@YAXPEAV_Facet_base@1@@Z)
          Referenced in Hell22.obj
          Loaded msvcprtd.lib(locale0_implib.obj)
        Found "private: static class std::locale::_Locimp * __cdecl std::locale::_Getgloballocale(void)" (?_Getgloballocale@locale@std@@CAPEAV_Locimp@12@XZ)
          Referenced in Hell22.obj
          Loaded msvcprtd.lib(MSVCP140D.dll)
        Found "__declspec(dllimport) public: bool __cdecl std::ctype<char>::is(short,char)const " (__imp_?is@?$ctype@D@std@@QEBA_NFD@Z)
          Referenced in Hell22.obj
          Loaded msvcprtd.lib(MSVCP140D.dll)
        Found "__declspec(dllimport) public: static unsigned __int64 __cdecl std::ctype<char>::_Getcat(class std::locale::facet const * *,class std::locale const *)" (__imp_?_Getcat@?$ctype@D@std@@SA_KPEAPEBVfacet@locale@2@PEBV42@@Z)
          Referenced in Hell22.obj
          Loaded msvcprtd.lib(MSVCP140D.dll)
        Found "__declspec(dllimport) public: bool __cdecl std::ios_base::good(void)const " (__imp_?good@ios_base@std@@QEBA_NXZ)
          Referenced in Hell22.obj
          Loaded msvcprtd.lib(MSVCP140D.dll)
        Found "__declspec(dllimport) public: int __cdecl std::ios_base::flags(void)const " (__imp_?flags@ios_base@std@@QEBAHXZ)
          Referenced in Hell22.obj
          Loaded msvcprtd.lib(MSVCP140D.dll)
        Found "__declspec(dllimport) public: __int64 __cdecl std::ios_base::width(void)const " (__imp_?width@ios_base@std@@QEBA_JXZ)
          Referenced in Hell22.obj
          Loaded msvcprtd.lib(MSVCP140D.dll)
        Found "__declspec(dllimport) public: __int64 __cdecl std::ios_base::width(__int64)" (__imp_?width@ios_base@std@@QEAA_J_J@Z)
          Referenced in Hell22.obj
          Loaded msvcprtd.lib(MSVCP140D.dll)
        Found "__declspec(dllimport) public: class std::locale __cdecl std::ios_base::getloc(void)const " (__imp_?getloc@ios_base@std@@QEBA?AVlocale@2@XZ)
          Referenced in Hell22.obj
          Loaded msvcprtd.lib(MSVCP140D.dll)
        Found "__declspec(dllimport) public: int __cdecl std::basic_streambuf<char,struct std::char_traits<char> >::sgetc(void)" (__imp_?sgetc@?$basic_streambuf@DU?$char_traits@D@std@@@std@@QEAAHXZ)
          Referenced in Hell22.obj
          Loaded msvcprtd.lib(MSVCP140D.dll)
        Found "__declspec(dllimport) public: int __cdecl std::basic_streambuf<char,struct std::char_traits<char> >::snextc(void)" (__imp_?snextc@?$basic_streambuf@DU?$char_traits@D@std@@@std@@QEAAHXZ)
          Referenced in Hell22.obj
          Loaded msvcprtd.lib(MSVCP140D.dll)
        Found "__declspec(dllimport) public: int __cdecl std::basic_streambuf<char,struct std::char_traits<char> >::sputc(char)" (__imp_?sputc@?$basic_streambuf@DU?$char_traits@D@std@@@std@@QEAAHD@Z)
          Referenced in Hell22.obj
          Loaded msvcprtd.lib(MSVCP140D.dll)
        Found "__declspec(dllimport) public: __int64 __cdecl std::basic_streambuf<char,struct std::char_traits<char> >::sputn(char const *,__int64)" (__imp_?sputn@?$basic_streambuf@DU?$char_traits@D@std@@@std@@QEAA_JPEBD_J@Z)
          Referenced in Hell22.obj
          Loaded msvcprtd.lib(MSVCP140D.dll)
        Found "__declspec(dllimport) public: void __cdecl std::basic_ios<char,struct std::char_traits<char> >::setstate(int,bool)" (__imp_?setstate@?$basic_ios@DU?$char_traits@D@std@@@std@@QEAAXH_N@Z)
          Referenced in Hell22.obj
          Loaded msvcprtd.lib(MSVCP140D.dll)
        Found "__declspec(dllimport) public: class std::basic_ostream<char,struct std::char_traits<char> > * __cdecl std::basic_ios<char,struct std::char_traits<char> >::tie(void)const " (__imp_?tie@?$basic_ios@DU?$char_traits@D@std@@@std@@QEBAPEAV?$basic_ostream@DU?$char_traits@D@std@@@2@XZ)
          Referenced in Hell22.obj
          Loaded msvcprtd.lib(MSVCP140D.dll)
        Found "__declspec(dllimport) public: class std::basic_streambuf<char,struct std::char_traits<char> > * __cdecl std::basic_ios<char,struct std::char_traits<char> >::rdbuf(void)const " (__imp_?rdbuf@?$basic_ios@DU?$char_traits@D@std@@@std@@QEBAPEAV?$basic_streambuf@DU?$char_traits@D@std@@@2@XZ)
          Referenced in Hell22.obj
          Loaded msvcprtd.lib(MSVCP140D.dll)
        Found "__declspec(dllimport) public: char __cdecl std::basic_ios<char,struct std::char_traits<char> >::fill(void)const " (__imp_?fill@?$basic_ios@DU?$char_traits@D@std@@@std@@QEBADXZ)
          Referenced in Hell22.obj
          Loaded msvcprtd.lib(MSVCP140D.dll)
        Found "__declspec(dllimport) public: char __cdecl std::basic_ios<char,struct std::char_traits<char> >::widen(char)const " (__imp_?widen@?$basic_ios@DU?$char_traits@D@std@@@std@@QEBADD@Z)
          Referenced in Hell22.obj
          Loaded msvcprtd.lib(MSVCP140D.dll)
        Found "__declspec(dllimport) public: void __cdecl std::basic_ostream<char,struct std::char_traits<char> >::_Osfx(void)" (__imp_?_Osfx@?$basic_ostream@DU?$char_traits@D@std@@@std@@QEAAXXZ)
          Referenced in Hell22.obj
          Loaded msvcprtd.lib(MSVCP140D.dll)
        Found "__declspec(dllimport) public: class std::basic_ostream<char,struct std::char_traits<char> > & __cdecl std::basic_ostream<char,struct std::char_traits<char> >::operator<<(class std::basic_ostream<char,struct std::char_traits<char> > & (__cdecl*)(class std::basic_ostream<char,struct std::char_traits<char> > &))" (__imp_??6?$basic_ostream@DU?$char_traits@D@std@@@std@@QEAAAEAV01@P6AAEAV01@AEAV01@@Z@Z)
          Referenced in Hell22.obj
          Loaded msvcprtd.lib(MSVCP140D.dll)
        Found "__declspec(dllimport) public: class std::basic_ostream<char,struct std::char_traits<char> > & __cdecl std::basic_ostream<char,struct std::char_traits<char> >::put(char)" (__imp_?put@?$basic_ostream@DU?$char_traits@D@std@@@std@@QEAAAEAV12@D@Z)
          Referenced in Hell22.obj
          Loaded msvcprtd.lib(MSVCP140D.dll)
        Found "__declspec(dllimport) public: class std::basic_ostream<char,struct std::char_traits<char> > & __cdecl std::basic_ostream<char,struct std::char_traits<char> >::flush(void)" (__imp_?flush@?$basic_ostream@DU?$char_traits@D@std@@@std@@QEAAAEAV12@XZ)
          Referenced in Hell22.obj
          Loaded msvcprtd.lib(MSVCP140D.dll)
        Found "__declspec(dllimport) public: bool __cdecl std::basic_istream<char,struct std::char_traits<char> >::_Ipfx(bool)" (__imp_?_Ipfx@?$basic_istream@DU?$char_traits@D@std@@@std@@QEAA_N_N@Z)
          Referenced in Hell22.obj
          Loaded msvcprtd.lib(MSVCP140D.dll)
        Found "__declspec(dllimport) public: class std::basic_istream<char,struct std::char_traits<char> > & __cdecl std::basic_istream<char,struct std::char_traits<char> >::operator>>(bool &)" (__imp_??5?$basic_istream@DU?$char_traits@D@std@@@std@@QEAAAEAV01@AEA_N@Z)
          Referenced in Hell22.obj
          Loaded msvcprtd.lib(MSVCP140D.dll)
        Found "__declspec(dllimport) private: static int std::locale::id::_Id_cnt" (__imp_?_Id_cnt@id@locale@std@@0HA)
          Referenced in Hell22.obj
          Loaded msvcprtd.lib(MSVCP140D.dll)
        Found "__declspec(dllimport) public: static class std::locale::id std::ctype<char>::id" (__imp_?id@?$ctype@D@std@@2V0locale@2@A)
          Referenced in Hell22.obj
          Loaded msvcprtd.lib(MSVCP140D.dll)
        Found "__declspec(dllimport) class std::basic_istream<char,struct std::char_traits<char> > std::cin" (__imp_?cin@std@@3V?$basic_istream@DU?$char_traits@D@std@@@1@A)
          Referenced in Hell22.obj
          Loaded msvcprtd.lib(MSVCP140D.dll)
        Found "__declspec(dllimport) class std::basic_ostream<char,struct std::char_traits<char> > std::cout" (__imp_?cout@std@@3V?$basic_ostream@DU?$char_traits@D@std@@@1@A)
          Referenced in Hell22.obj
          Loaded msvcprtd.lib(MSVCP140D.dll)
        Found "__declspec(dllimport) class std::basic_ostream<char,struct std::char_traits<char> > std::cerr" (__imp_?cerr@std@@3V?$basic_ostream@DU?$char_traits@D@std@@@1@A)
          Referenced in Hell22.obj
          Loaded msvcprtd.lib(MSVCP140D.dll)
        Found __IMPORT_DESCRIPTOR_MSVCP140D
          Referenced in msvcprtd.lib(MSVCP140D.dll)
          Referenced in msvcprtd.lib(MSVCP140D.dll)
          Referenced in msvcprtd.lib(MSVCP140D.dll)
          Referenced in msvcprtd.lib(MSVCP140D.dll)
          Referenced in msvcprtd.lib(MSVCP140D.dll)
          Referenced in msvcprtd.lib(MSVCP140D.dll)
          Referenced in msvcprtd.lib(MSVCP140D.dll)
          Referenced in msvcprtd.lib(MSVCP140D.dll)
          Referenced in msvcprtd.lib(MSVCP140D.dll)
          Referenced in msvcprtd.lib(MSVCP140D.dll)
          Referenced in msvcprtd.lib(MSVCP140D.dll)
          Referenced in msvcprtd.lib(MSVCP140D.dll)
          Referenced in msvcprtd.lib(MSVCP140D.dll)
          Referenced in msvcprtd.lib(MSVCP140D.dll)
          Referenced in msvcprtd.lib(MSVCP140D.dll)
          Referenced in msvcprtd.lib(MSVCP140D.dll)
          Referenced in msvcprtd.lib(MSVCP140D.dll)
          Referenced in msvcprtd.lib(MSVCP140D.dll)
          Referenced in msvcprtd.lib(MSVCP140D.dll)
          Referenced in msvcprtd.lib(MSVCP140D.dll)
          Referenced in msvcprtd.lib(MSVCP140D.dll)
          Referenced in msvcprtd.lib(MSVCP140D.dll)
          Referenced in msvcprtd.lib(MSVCP140D.dll)
          Referenced in msvcprtd.lib(MSVCP140D.dll)
          Referenced in msvcprtd.lib(MSVCP140D.dll)
          Referenced in msvcprtd.lib(MSVCP140D.dll)
          Referenced in msvcprtd.lib(MSVCP140D.dll)
          Referenced in msvcprtd.lib(MSVCP140D.dll)
          Referenced in msvcprtd.lib(MSVCP140D.dll)
          Referenced in msvcprtd.lib(MSVCP140D.dll)
          Referenced in msvcprtd.lib(MSVCP140D.dll)
          Referenced in msvcprtd.lib(MSVCP140D.dll)
          Referenced in msvcprtd.lib(MSVCP140D.dll)
          Loaded msvcprtd.lib(MSVCP140D.dll)
        Found "void __cdecl std::_Xbad_alloc(void)" (?_Xbad_alloc@std@@YAXXZ)
          Referenced in msvcprtd.lib(locale0_implib.obj)
          Loaded msvcprtd.lib(MSVCP140D.dll)
        Found __NULL_IMPORT_DESCRIPTOR
          Referenced in msvcprtd.lib(MSVCP140D.dll)
          Loaded msvcprtd.lib(MSVCP140D.dll)
        Found MSVCP140D_NULL_THUNK_DATA
          Referenced in msvcprtd.lib(MSVCP140D.dll)
          Loaded msvcprtd.lib(MSVCP140D.dll)
      Searching C:\Program Files\Microsoft Visual Studio\2022\Community\VC\Tools\MSVC\14.44.35207\lib\x64\MSVCRTD.lib:
        Found "void * __cdecl operator new(unsigned __int64)" (??2@YAPEAX_K@Z)
          Referenced in Hell22.obj
          Loaded MSVCRTD.lib(new_scalar.obj)
        Found "void __cdecl operator delete(void *,unsigned __int64)" (??3@YAXPEAX_K@Z)
          Referenced in Hell22.obj
          Loaded MSVCRTD.lib(delete_scalar_size.obj)
        Found _RTC_CheckStackVars
          Referenced in Hell22.obj
          Loaded MSVCRTD.lib(stack.obj)
        Found _RTC_InitBase
          Referenced in Hell22.obj
          Loaded MSVCRTD.lib(init.obj)
        Found __CheckForDebuggerJustMyCode
          Referenced in Hell22.obj
          Loaded MSVCRTD.lib(debugger_jmc.obj)
        Found __GSHandlerCheck
          Referenced in Hell22.obj
          Loaded MSVCRTD.lib(gshandler.obj)
        Found __GSHandlerCheck_EH4
          Referenced in Hell22.obj
          Loaded MSVCRTD.lib(gshandlereh4.obj)
        Found __chkstk
          Referenced in Hell22.obj
          Loaded MSVCRTD.lib(chkstk.obj)
        Found __security_check_cookie
          Referenced in Hell22.obj
          Referenced in MSVCRTD.lib(gshandler.obj)
          Loaded MSVCRTD.lib(amdsecgs.obj)
        Found "const type_info::`vftable'" (??_7type_info@@6B@)
          Referenced in Hell22.obj
          Loaded MSVCRTD.lib(std_type_info_static.obj)
        Found __security_cookie
          Referenced in Hell22.obj
          Referenced in MSVCRTD.lib(amdsecgs.obj)
          Loaded MSVCRTD.lib(gs_cookie.obj)
        Found _fltused
          Referenced in Hell22.obj
          Loaded MSVCRTD.lib(fltused.obj)
        Found _tls_index
          Referenced in Hell22.obj
          Loaded MSVCRTD.lib(tlssup.obj)
        Found mainCRTStartup
          Loaded MSVCRTD.lib(exe_main.obj)
        Found atexit
          Referenced in msvcprtd.lib(locale0_implib.obj)
          Referenced in MSVCRTD.lib(exe_main.obj)
          Loaded MSVCRTD.lib(utility.obj)
        Found __guard_dispatch_icall_fptr
          Referenced in msvcprtd.lib(locale0_implib.obj)
          Referenced in MSVCRTD.lib(exe_main.obj)
          Referenced in MSVCRTD.lib(utility.obj)
          Loaded MSVCRTD.lib(guard_support.obj)
        Found "void __cdecl __scrt_throw_std_bad_alloc(void)" (?__scrt_throw_std_bad_alloc@@YAXXZ)
          Referenced in MSVCRTD.lib(new_scalar.obj)
          Loaded MSVCRTD.lib(throw_bad_alloc.obj)
        Found "void __cdecl operator delete(void *)" (??3@YAXPEAX@Z)
          Referenced in MSVCRTD.lib(delete_scalar_size.obj)
          Loaded MSVCRTD.lib(delete_scalar.obj)
        Found "void __cdecl _RTC_StackFailure(void *,char const *)" (?_RTC_StackFailure@@YAXPEAXPEBD@Z)
          Referenced in MSVCRTD.lib(stack.obj)
          Loaded MSVCRTD.lib(error.obj)
        Found _RTC_SetErrorFuncW
          Referenced in MSVCRTD.lib(init.obj)
          Loaded MSVCRTD.lib(userapi.obj)
        Found __report_gsfailure
          Referenced in MSVCRTD.lib(amdsecgs.obj)
          Loaded MSVCRTD.lib(gs_report.obj)
        Found __security_init_cookie
          Referenced in MSVCRTD.lib(exe_main.obj)
          Loaded MSVCRTD.lib(gs_support.obj)
        Found _matherr
          Referenced in MSVCRTD.lib(exe_main.obj)
          Loaded MSVCRTD.lib(matherr.obj)
        Found _get_startup_argv_mode
          Referenced in MSVCRTD.lib(exe_main.obj)
          Referenced in MSVCRTD.lib(utility.obj)
          Loaded MSVCRTD.lib(argv_mode.obj)
        Found _get_startup_commit_mode
          Referenced in MSVCRTD.lib(exe_main.obj)
          Loaded MSVCRTD.lib(commit_mode.obj)
        Found _get_startup_file_mode
          Referenced in MSVCRTD.lib(exe_main.obj)
          Loaded MSVCRTD.lib(file_mode.obj)
        Found _get_startup_new_mode
          Referenced in MSVCRTD.lib(exe_main.obj)
          Loaded MSVCRTD.lib(new_mode.obj)
        Found _get_startup_thread_locale_mode
          Referenced in MSVCRTD.lib(exe_main.obj)
          Loaded MSVCRTD.lib(thread_locale.obj)
        Found "void __cdecl __scrt_initialize_type_info(void)" (?__scrt_initialize_type_info@@YAXXZ)
          Referenced in MSVCRTD.lib(exe_main.obj)
          Loaded MSVCRTD.lib(tncleanup.obj)
        Found _should_initialize_environment
          Referenced in MSVCRTD.lib(exe_main.obj)
          Loaded MSVCRTD.lib(env_mode.obj)
        Found _initialize_invalid_parameter_handler
          Referenced in MSVCRTD.lib(exe_main.obj)
          Loaded MSVCRTD.lib(invalid_parameter_handler.obj)
        Found _initialize_denormal_control
          Referenced in MSVCRTD.lib(exe_main.obj)
          Loaded MSVCRTD.lib(denormal_control.obj)
        Found __scrt_initialize_default_local_stdio_options
          Referenced in MSVCRTD.lib(exe_main.obj)
          Loaded MSVCRTD.lib(default_local_stdio_options.obj)
        Found __scrt_is_user_matherr_present
          Referenced in MSVCRTD.lib(exe_main.obj)
          Loaded MSVCRTD.lib(matherr_detection.obj)
        Found __scrt_get_dyn_tls_init_callback
          Referenced in MSVCRTD.lib(exe_main.obj)
          Loaded MSVCRTD.lib(dyn_tls_init.obj)
        Found __scrt_get_dyn_tls_dtor_callback
          Referenced in MSVCRTD.lib(exe_main.obj)
          Loaded MSVCRTD.lib(dyn_tls_dtor.obj)
        Found __scrt_is_managed_app
          Referenced in MSVCRTD.lib(exe_main.obj)
          Loaded MSVCRTD.lib(utility_desktop.obj)
        Found _RTC_Initialize
          Referenced in MSVCRTD.lib(exe_main.obj)
          Loaded MSVCRTD.lib(initsect.obj)
        Found __xi_a
          Referenced in MSVCRTD.lib(exe_main.obj)
          Loaded MSVCRTD.lib(initializers.obj)
  Processed /DEFAULTLIB:kernel32.lib
   Processed /DISALLOWLIB:msvcrt.lib
   Processed /DISALLOWLIB:libcmt.lib
   Processed /DISALLOWLIB:libcmtd.lib
   Processed /DISALLOWLIB:vcruntime.lib
  Processed /DEFAULTLIB:vcruntimed.lib
   Processed /DISALLOWLIB:libvcruntime.lib
   Processed /DISALLOWLIB:libvcruntimed.lib
   Processed /DISALLOWLIB:ucrt.lib
  Processed /DEFAULTLIB:ucrtd.lib
   Processed /DISALLOWLIB:libucrt.lib
   Processed /DISALLOWLIB:libucrtd.lib
        Found __isa_available_init
          Referenced in MSVCRTD.lib(utility.obj)
          Loaded MSVCRTD.lib(cpu_disp.obj)
        Found __scrt_is_ucrt_dll_in_use
          Referenced in MSVCRTD.lib(utility.obj)
          Loaded MSVCRTD.lib(ucrt_detection.obj)
        Found _guard_dispatch_icall_nop
          Referenced in MSVCRTD.lib(guard_support.obj)
          Loaded MSVCRTD.lib(guard_dispatch.obj)
        Found _guard_xfg_dispatch_icall_nop
          Referenced in MSVCRTD.lib(guard_support.obj)
          Loaded MSVCRTD.lib(guard_xfg_dispatch.obj)
        Found "int __cdecl _RTC_GetSrcLine(unsigned char *,wchar_t *,unsigned long,int *,wchar_t *,unsigned long)" (?_RTC_GetSrcLine@@YAHPEAEPEA_WKPEAH1K@Z)
          Referenced in MSVCRTD.lib(error.obj)
          Loaded MSVCRTD.lib(pdblkup.obj)
      Searching C:\Program Files\Microsoft Visual Studio\2022\Community\VC\Tools\MSVC\14.44.35207\lib\x64\OLDNAMES.lib:
      Searching C:\Program Files\Microsoft Visual Studio\2022\Community\VC\Tools\MSVC\14.44.35207\lib\x64\vcruntimed.lib:
        Found memcmp
          Referenced in Hell22.obj
          Loaded vcruntimed.lib(VCRUNTIME140D.dll)
        Found memcpy
          Referenced in Hell22.obj
          Loaded vcruntimed.lib(VCRUNTIME140D.dll)
        Found memmove
          Referenced in Hell22.obj
          Loaded vcruntimed.lib(VCRUNTIME140D.dll)
        Found memset
          Referenced in Hell22.obj
          Loaded vcruntimed.lib(VCRUNTIME140D.dll)
        Found strrchr
          Referenced in Hell22.obj
          Loaded vcruntimed.lib(VCRUNTIME140D.dll)
        Found __std_exception_copy
          Referenced in Hell22.obj
          Referenced in MSVCRTD.lib(throw_bad_alloc.obj)
          Loaded vcruntimed.lib(VCRUNTIME140D.dll)
        Found __std_exception_destroy
          Referenced in Hell22.obj
          Referenced in MSVCRTD.lib(throw_bad_alloc.obj)
          Loaded vcruntimed.lib(VCRUNTIME140D.dll)
        Found _CxxThrowException
          Referenced in Hell22.obj
          Referenced in MSVCRTD.lib(throw_bad_alloc.obj)
          Loaded vcruntimed.lib(VCRUNTIME140D.dll)
        Found __CxxFrameHandler4
          Referenced in Hell22.obj
          Referenced in msvcprtd.lib(locale0_implib.obj)
          Referenced in MSVCRTD.lib(gshandlereh4.obj)
          Loaded vcruntimed.lib(VCRUNTIME140_1D.dll)
        Found __C_specific_handler
          Referenced in MSVCRTD.lib(exe_main.obj)
          Referenced in MSVCRTD.lib(utility.obj)
          Loaded vcruntimed.lib(VCRUNTIME140D.dll)
        Found __C_specific_handler_noexcept
          Referenced in MSVCRTD.lib(error.obj)
          Loaded vcruntimed.lib(VCRUNTIME140D.dll)
        Found __std_type_info_destroy_list
          Referenced in MSVCRTD.lib(tncleanup.obj)
          Loaded vcruntimed.lib(VCRUNTIME140D.dll)
        Found __current_exception
          Referenced in MSVCRTD.lib(utility_desktop.obj)
          Loaded vcruntimed.lib(VCRUNTIME140D.dll)
        Found __current_exception_context
          Referenced in MSVCRTD.lib(utility_desktop.obj)
          Loaded vcruntimed.lib(VCRUNTIME140D.dll)
        Found __vcrt_GetModuleFileNameW
          Referenced in MSVCRTD.lib(pdblkup.obj)
          Loaded vcruntimed.lib(VCRUNTIME140D.dll)
        Found __vcrt_GetModuleHandleW
          Referenced in MSVCRTD.lib(pdblkup.obj)
          Loaded vcruntimed.lib(VCRUNTIME140D.dll)
        Found __vcrt_LoadLibraryExW
          Referenced in MSVCRTD.lib(pdblkup.obj)
          Loaded vcruntimed.lib(VCRUNTIME140D.dll)
        Found __IMPORT_DESCRIPTOR_VCRUNTIME140D
          Referenced in vcruntimed.lib(VCRUNTIME140D.dll)
          Referenced in vcruntimed.lib(VCRUNTIME140D.dll)
          Referenced in vcruntimed.lib(VCRUNTIME140D.dll)
          Referenced in vcruntimed.lib(VCRUNTIME140D.dll)
          Referenced in vcruntimed.lib(VCRUNTIME140D.dll)
          Referenced in vcruntimed.lib(VCRUNTIME140D.dll)
          Referenced in vcruntimed.lib(VCRUNTIME140D.dll)
          Referenced in vcruntimed.lib(VCRUNTIME140D.dll)
          Referenced in vcruntimed.lib(VCRUNTIME140D.dll)
          Referenced in vcruntimed.lib(VCRUNTIME140D.dll)
          Referenced in vcruntimed.lib(VCRUNTIME140D.dll)
          Referenced in vcruntimed.lib(VCRUNTIME140D.dll)
          Referenced in vcruntimed.lib(VCRUNTIME140D.dll)
          Referenced in vcruntimed.lib(VCRUNTIME140D.dll)
          Referenced in vcruntimed.lib(VCRUNTIME140D.dll)
          Referenced in vcruntimed.lib(VCRUNTIME140D.dll)
          Loaded vcruntimed.lib(VCRUNTIME140D.dll)
        Found __IMPORT_DESCRIPTOR_VCRUNTIME140_1D
          Referenced in vcruntimed.lib(VCRUNTIME140_1D.dll)
          Loaded vcruntimed.lib(VCRUNTIME140_1D.dll)
        Found VCRUNTIME140D_NULL_THUNK_DATA
          Referenced in vcruntimed.lib(VCRUNTIME140D.dll)
          Loaded vcruntimed.lib(VCRUNTIME140D.dll)
        Found VCRUNTIME140_1D_NULL_THUNK_DATA
          Referenced in vcruntimed.lib(VCRUNTIME140_1D.dll)
          Loaded vcruntimed.lib(VCRUNTIME140_1D.dll)
      Searching C:\Program Files (x86)\Windows Kits\10\lib\10.0.26100.0\ucrt\x64\ucrtd.lib:
        Found __imp__invoke_watson
          Referenced in Hell22.obj
          Loaded ucrtd.lib(ucrtbased.dll)
        Found __imp__CrtDbgReport
          Referenced in Hell22.obj
          Loaded ucrtd.lib(ucrtbased.dll)
        Found abs
          Referenced in Hell22.obj
          Loaded ucrtd.lib(ucrtbased.dll)
        Found __imp_frexp
          Referenced in Hell22.obj
          Loaded ucrtd.lib(ucrtbased.dll)
        Found __imp_ldexp
          Referenced in Hell22.obj
          Loaded ucrtd.lib(ucrtbased.dll)
        Found __imp_powf
          Referenced in Hell22.obj
          Loaded ucrtd.lib(ucrtbased.dll)
        Found __imp_free
          Referenced in Hell22.obj
          Loaded ucrtd.lib(ucrtbased.dll)
        Found __imp_malloc
          Referenced in Hell22.obj
          Loaded ucrtd.lib(ucrtbased.dll)
        Found __imp_realloc
          Referenced in Hell22.obj
          Loaded ucrtd.lib(ucrtbased.dll)
        Found _lrotl
          Referenced in Hell22.obj
          Loaded ucrtd.lib(ucrtbased.dll)
        Found __imp_strtol
          Referenced in Hell22.obj
          Loaded ucrtd.lib(ucrtbased.dll)
        Found __imp_fopen_s
          Referenced in Hell22.obj
          Loaded ucrtd.lib(ucrtbased.dll)
        Found __imp_fclose
          Referenced in Hell22.obj
          Loaded ucrtd.lib(ucrtbased.dll)
        Found __imp_feof
          Referenced in Hell22.obj
          Loaded ucrtd.lib(ucrtbased.dll)
        Found __imp_ferror
          Referenced in Hell22.obj
          Loaded ucrtd.lib(ucrtbased.dll)
        Found __imp_fgetc
          Referenced in Hell22.obj
          Loaded ucrtd.lib(ucrtbased.dll)
        Found __imp_fread
          Referenced in Hell22.obj
          Loaded ucrtd.lib(ucrtbased.dll)
        Found __imp_fseek
          Referenced in Hell22.obj
          Loaded ucrtd.lib(ucrtbased.dll)
        Found __imp_ftell
          Referenced in Hell22.obj
          Loaded ucrtd.lib(ucrtbased.dll)
        Found __imp_fwrite
          Referenced in Hell22.obj
          Loaded ucrtd.lib(ucrtbased.dll)
        Found __imp_ungetc
          Referenced in Hell22.obj
          Loaded ucrtd.lib(ucrtbased.dll)
        Found __imp___stdio_common_vsprintf_s
          Referenced in Hell22.obj
          Loaded ucrtd.lib(ucrtbased.dll)
        Found strcmp
          Referenced in Hell22.obj
          Loaded ucrtd.lib(ucrtbased.dll)
        Found strlen
          Referenced in Hell22.obj
          Loaded ucrtd.lib(ucrtbased.dll)
        Found __imp_strncmp
          Referenced in Hell22.obj
          Loaded ucrtd.lib(ucrtbased.dll)
        Found __imp__wassert
          Referenced in Hell22.obj
          Loaded ucrtd.lib(ucrtbased.dll)
        Found __imp__free_dbg
          Referenced in msvcprtd.lib(locale0_implib.obj)
          Loaded ucrtd.lib(ucrtbased.dll)
        Found __imp__malloc_dbg
          Referenced in msvcprtd.lib(locale0_implib.obj)
          Loaded ucrtd.lib(ucrtbased.dll)
        Found _callnewh
          Referenced in MSVCRTD.lib(new_scalar.obj)
          Loaded ucrtd.lib(ucrtbased.dll)
        Found _CrtDbgReportW
          Referenced in MSVCRTD.lib(init.obj)
          Loaded ucrtd.lib(ucrtbased.dll)
        Found _seh_filter_exe
          Referenced in MSVCRTD.lib(exe_main.obj)
          Loaded ucrtd.lib(ucrtbased.dll)
        Found _set_app_type
          Referenced in MSVCRTD.lib(exe_main.obj)
          Loaded ucrtd.lib(ucrtbased.dll)
        Found __setusermatherr
          Referenced in MSVCRTD.lib(exe_main.obj)
          Loaded ucrtd.lib(ucrtbased.dll)
        Found _configure_narrow_argv
          Referenced in MSVCRTD.lib(exe_main.obj)
          Referenced in MSVCRTD.lib(utility.obj)
          Loaded ucrtd.lib(ucrtbased.dll)
        Found _initialize_narrow_environment
          Referenced in MSVCRTD.lib(exe_main.obj)
          Referenced in MSVCRTD.lib(utility.obj)
          Loaded ucrtd.lib(ucrtbased.dll)
        Found _get_initial_narrow_environment
          Referenced in MSVCRTD.lib(exe_main.obj)
          Loaded ucrtd.lib(ucrtbased.dll)
        Found _initterm
          Referenced in MSVCRTD.lib(exe_main.obj)
          Loaded ucrtd.lib(ucrtbased.dll)
        Found _initterm_e
          Referenced in MSVCRTD.lib(exe_main.obj)
          Loaded ucrtd.lib(ucrtbased.dll)
        Found exit
          Referenced in MSVCRTD.lib(exe_main.obj)
          Loaded ucrtd.lib(ucrtbased.dll)
        Found _exit
          Referenced in MSVCRTD.lib(exe_main.obj)
          Loaded ucrtd.lib(ucrtbased.dll)
        Found _set_fmode
          Referenced in MSVCRTD.lib(exe_main.obj)
          Loaded ucrtd.lib(ucrtbased.dll)
        Found __p___argc
          Referenced in MSVCRTD.lib(exe_main.obj)
          Loaded ucrtd.lib(ucrtbased.dll)
        Found __p___argv
          Referenced in MSVCRTD.lib(exe_main.obj)
          Loaded ucrtd.lib(ucrtbased.dll)
        Found _cexit
          Referenced in MSVCRTD.lib(exe_main.obj)
          Referenced in MSVCRTD.lib(utility.obj)
          Loaded ucrtd.lib(ucrtbased.dll)
        Found _c_exit
          Referenced in MSVCRTD.lib(exe_main.obj)
          Loaded ucrtd.lib(ucrtbased.dll)
        Found _register_thread_local_exe_atexit_callback
          Referenced in MSVCRTD.lib(exe_main.obj)
          Loaded ucrtd.lib(ucrtbased.dll)
        Found _configthreadlocale
          Referenced in MSVCRTD.lib(exe_main.obj)
          Loaded ucrtd.lib(ucrtbased.dll)
        Found _set_new_mode
          Referenced in MSVCRTD.lib(exe_main.obj)
          Loaded ucrtd.lib(ucrtbased.dll)
        Found __p__commode
          Referenced in MSVCRTD.lib(exe_main.obj)
          Loaded ucrtd.lib(ucrtbased.dll)
        Found _seh_filter_dll
          Referenced in MSVCRTD.lib(utility.obj)
          Loaded ucrtd.lib(ucrtbased.dll)
        Found _initialize_onexit_table
          Referenced in MSVCRTD.lib(utility.obj)
          Loaded ucrtd.lib(ucrtbased.dll)
        Found _register_onexit_function
          Referenced in MSVCRTD.lib(utility.obj)
          Loaded ucrtd.lib(ucrtbased.dll)
        Found _execute_onexit_table
          Referenced in MSVCRTD.lib(utility.obj)
          Loaded ucrtd.lib(ucrtbased.dll)
        Found _crt_atexit
          Referenced in MSVCRTD.lib(utility.obj)
          Loaded ucrtd.lib(ucrtbased.dll)
        Found _crt_at_quick_exit
          Referenced in MSVCRTD.lib(utility.obj)
          Loaded ucrtd.lib(ucrtbased.dll)
        Found strcpy_s
          Referenced in MSVCRTD.lib(error.obj)
          Loaded ucrtd.lib(ucrtbased.dll)
        Found strcat_s
          Referenced in MSVCRTD.lib(error.obj)
          Loaded ucrtd.lib(ucrtbased.dll)
        Found terminate
          Referenced in MSVCRTD.lib(utility_desktop.obj)
          Loaded ucrtd.lib(ucrtbased.dll)
        Found _wmakepath_s
          Referenced in MSVCRTD.lib(pdblkup.obj)
          Loaded ucrtd.lib(ucrtbased.dll)
        Found _wsplitpath_s
          Referenced in MSVCRTD.lib(pdblkup.obj)
          Loaded ucrtd.lib(ucrtbased.dll)
        Found wcscpy_s
          Referenced in MSVCRTD.lib(pdblkup.obj)
          Loaded ucrtd.lib(ucrtbased.dll)
        Found __IMPORT_DESCRIPTOR_ucrtbased
          Referenced in ucrtd.lib(ucrtbased.dll)
          Referenced in ucrtd.lib(ucrtbased.dll)
          Referenced in ucrtd.lib(ucrtbased.dll)
          Referenced in ucrtd.lib(ucrtbased.dll)
          Referenced in ucrtd.lib(ucrtbased.dll)
          Referenced in ucrtd.lib(ucrtbased.dll)
          Referenced in ucrtd.lib(ucrtbased.dll)
          Referenced in ucrtd.lib(ucrtbased.dll)
          Referenced in ucrtd.lib(ucrtbased.dll)
          Referenced in ucrtd.lib(ucrtbased.dll)
          Referenced in ucrtd.lib(ucrtbased.dll)
          Referenced in ucrtd.lib(ucrtbased.dll)
          Referenced in ucrtd.lib(ucrtbased.dll)
          Referenced in ucrtd.lib(ucrtbased.dll)
          Referenced in ucrtd.lib(ucrtbased.dll)
          Referenced in ucrtd.lib(ucrtbased.dll)
          Referenced in ucrtd.lib(ucrtbased.dll)
          Referenced in ucrtd.lib(ucrtbased.dll)
          Referenced in ucrtd.lib(ucrtbased.dll)
          Referenced in ucrtd.lib(ucrtbased.dll)
          Referenced in ucrtd.lib(ucrtbased.dll)
          Referenced in ucrtd.lib(ucrtbased.dll)
          Referenced in ucrtd.lib(ucrtbased.dll)
          Referenced in ucrtd.lib(ucrtbased.dll)
          Referenced in ucrtd.lib(ucrtbased.dll)
          Referenced in ucrtd.lib(ucrtbased.dll)
          Referenced in ucrtd.lib(ucrtbased.dll)
          Referenced in ucrtd.lib(ucrtbased.dll)
          Referenced in ucrtd.lib(ucrtbased.dll)
          Referenced in ucrtd.lib(ucrtbased.dll)
          Referenced in ucrtd.lib(ucrtbased.dll)
          Referenced in ucrtd.lib(ucrtbased.dll)
          Referenced in ucrtd.lib(ucrtbased.dll)
          Referenced in ucrtd.lib(ucrtbased.dll)
          Referenced in ucrtd.lib(ucrtbased.dll)
          Referenced in ucrtd.lib(ucrtbased.dll)
          Referenced in ucrtd.lib(ucrtbased.dll)
          Referenced in ucrtd.lib(ucrtbased.dll)
          Referenced in ucrtd.lib(ucrtbased.dll)
          Referenced in ucrtd.lib(ucrtbased.dll)
          Referenced in ucrtd.lib(ucrtbased.dll)
          Referenced in ucrtd.lib(ucrtbased.dll)
          Referenced in ucrtd.lib(ucrtbased.dll)
          Referenced in ucrtd.lib(ucrtbased.dll)
          Referenced in ucrtd.lib(ucrtbased.dll)
          Referenced in ucrtd.lib(ucrtbased.dll)
          Referenced in ucrtd.lib(ucrtbased.dll)
          Referenced in ucrtd.lib(ucrtbased.dll)
          Referenced in ucrtd.lib(ucrtbased.dll)
          Referenced in ucrtd.lib(ucrtbased.dll)
          Referenced in ucrtd.lib(ucrtbased.dll)
          Referenced in ucrtd.lib(ucrtbased.dll)
          Referenced in ucrtd.lib(ucrtbased.dll)
          Referenced in ucrtd.lib(ucrtbased.dll)
          Referenced in ucrtd.lib(ucrtbased.dll)
          Referenced in ucrtd.lib(ucrtbased.dll)
          Referenced in ucrtd.lib(ucrtbased.dll)
          Referenced in ucrtd.lib(ucrtbased.dll)
          Referenced in ucrtd.lib(ucrtbased.dll)
          Referenced in ucrtd.lib(ucrtbased.dll)
          Referenced in ucrtd.lib(ucrtbased.dll)
          Loaded ucrtd.lib(ucrtbased.dll)
        Found ucrtbased_NULL_THUNK_DATA
          Referenced in ucrtd.lib(ucrtbased.dll)
          Loaded ucrtd.lib(ucrtbased.dll)
      Searching C:\Program Files (x86)\Windows Kits\10\lib\10.0.26100.0\um\x64\kernel32.lib:
        Found __imp_GetCurrentThreadId
          Referenced in MSVCRTD.lib(debugger_jmc.obj)
          Referenced in MSVCRTD.lib(gs_support.obj)
          Loaded kernel32.lib(KERNEL32.dll)
        Found __imp_IsDebuggerPresent
          Referenced in MSVCRTD.lib(error.obj)
          Referenced in MSVCRTD.lib(utility_desktop.obj)
          Loaded kernel32.lib(KERNEL32.dll)
        Found __imp_RaiseException
          Referenced in MSVCRTD.lib(error.obj)
          Loaded kernel32.lib(KERNEL32.dll)
        Found __imp_MultiByteToWideChar
          Referenced in MSVCRTD.lib(error.obj)
          Loaded kernel32.lib(KERNEL32.dll)
        Found __imp_WideCharToMultiByte
          Referenced in MSVCRTD.lib(error.obj)
          Loaded kernel32.lib(KERNEL32.dll)
        Found __imp_RtlCaptureContext
          Referenced in MSVCRTD.lib(gs_report.obj)
          Referenced in MSVCRTD.lib(utility_desktop.obj)
          Loaded kernel32.lib(KERNEL32.dll)
        Found __imp_RtlLookupFunctionEntry
          Referenced in MSVCRTD.lib(gs_report.obj)
          Referenced in MSVCRTD.lib(utility_desktop.obj)
          Loaded kernel32.lib(KERNEL32.dll)
        Found __imp_RtlVirtualUnwind
          Referenced in MSVCRTD.lib(gs_report.obj)
          Referenced in MSVCRTD.lib(utility_desktop.obj)
          Loaded kernel32.lib(KERNEL32.dll)
        Found __imp_UnhandledExceptionFilter
          Referenced in MSVCRTD.lib(gs_report.obj)
          Referenced in MSVCRTD.lib(utility_desktop.obj)
          Loaded kernel32.lib(KERNEL32.dll)
        Found __imp_SetUnhandledExceptionFilter
          Referenced in MSVCRTD.lib(gs_report.obj)
          Referenced in MSVCRTD.lib(utility_desktop.obj)
          Loaded kernel32.lib(KERNEL32.dll)
        Found __imp_GetCurrentProcess
          Referenced in MSVCRTD.lib(gs_report.obj)
          Loaded kernel32.lib(KERNEL32.dll)
        Found __imp_TerminateProcess
          Referenced in MSVCRTD.lib(gs_report.obj)
          Loaded kernel32.lib(KERNEL32.dll)
        Found __imp_IsProcessorFeaturePresent
          Referenced in MSVCRTD.lib(gs_report.obj)
          Referenced in MSVCRTD.lib(utility_desktop.obj)
          Loaded kernel32.lib(KERNEL32.dll)
        Found __imp_QueryPerformanceCounter
          Referenced in MSVCRTD.lib(gs_support.obj)
          Loaded kernel32.lib(KERNEL32.dll)
        Found __imp_GetCurrentProcessId
          Referenced in MSVCRTD.lib(gs_support.obj)
          Loaded kernel32.lib(KERNEL32.dll)
        Found __imp_GetSystemTimeAsFileTime
          Referenced in MSVCRTD.lib(gs_support.obj)
          Loaded kernel32.lib(KERNEL32.dll)
        Found __imp_InitializeSListHead
          Referenced in MSVCRTD.lib(tncleanup.obj)
          Loaded kernel32.lib(KERNEL32.dll)
        Found __imp_GetStartupInfoW
          Referenced in MSVCRTD.lib(utility_desktop.obj)
          Loaded kernel32.lib(KERNEL32.dll)
        Found __imp_GetModuleHandleW
          Referenced in MSVCRTD.lib(utility_desktop.obj)
          Loaded kernel32.lib(KERNEL32.dll)
        Found __imp_GetLastError
          Referenced in MSVCRTD.lib(pdblkup.obj)
          Loaded kernel32.lib(KERNEL32.dll)
        Found __imp_HeapAlloc
          Referenced in MSVCRTD.lib(pdblkup.obj)
          Loaded kernel32.lib(KERNEL32.dll)
        Found __imp_HeapFree
          Referenced in MSVCRTD.lib(pdblkup.obj)
          Loaded kernel32.lib(KERNEL32.dll)
        Found __imp_GetProcessHeap
          Referenced in MSVCRTD.lib(pdblkup.obj)
          Loaded kernel32.lib(KERNEL32.dll)
        Found __imp_VirtualQuery
          Referenced in MSVCRTD.lib(pdblkup.obj)
          Loaded kernel32.lib(KERNEL32.dll)
        Found __imp_FreeLibrary
          Referenced in MSVCRTD.lib(pdblkup.obj)
          Loaded kernel32.lib(KERNEL32.dll)
        Found __imp_GetProcAddress
          Referenced in MSVCRTD.lib(pdblkup.obj)
          Loaded kernel32.lib(KERNEL32.dll)
        Found __IMPORT_DESCRIPTOR_KERNEL32
          Referenced in kernel32.lib(KERNEL32.dll)
          Referenced in kernel32.lib(KERNEL32.dll)
          Referenced in kernel32.lib(KERNEL32.dll)
          Referenced in kernel32.lib(KERNEL32.dll)
          Referenced in kernel32.lib(KERNEL32.dll)
          Referenced in kernel32.lib(KERNEL32.dll)
          Referenced in kernel32.lib(KERNEL32.dll)
          Referenced in kernel32.lib(KERNEL32.dll)
          Referenced in kernel32.lib(KERNEL32.dll)
          Referenced in kernel32.lib(KERNEL32.dll)
          Referenced in kernel32.lib(KERNEL32.dll)
          Referenced in kernel32.lib(KERNEL32.dll)
          Referenced in kernel32.lib(KERNEL32.dll)
          Referenced in kernel32.lib(KERNEL32.dll)
          Referenced in kernel32.lib(KERNEL32.dll)
          Referenced in kernel32.lib(KERNEL32.dll)
          Referenced in kernel32.lib(KERNEL32.dll)
          Referenced in kernel32.lib(KERNEL32.dll)
          Referenced in kernel32.lib(KERNEL32.dll)
          Referenced in kernel32.lib(KERNEL32.dll)
          Referenced in kernel32.lib(KERNEL32.dll)
          Referenced in kernel32.lib(KERNEL32.dll)
          Referenced in kernel32.lib(KERNEL32.dll)
          Referenced in kernel32.lib(KERNEL32.dll)
          Referenced in kernel32.lib(KERNEL32.dll)
          Referenced in kernel32.lib(KERNEL32.dll)
          Loaded kernel32.lib(KERNEL32.dll)
        Found KERNEL32_NULL_THUNK_DATA
          Referenced in kernel32.lib(KERNEL32.dll)
          Loaded kernel32.lib(KERNEL32.dll)
      Searching C:\Program Files (x86)\Windows Kits\10\lib\10.0.26100.0\um\x64\user32.lib:
      Searching C:\Program Files (x86)\Windows Kits\10\lib\10.0.26100.0\um\x64\gdi32.lib:
      Searching C:\Program Files (x86)\Windows Kits\10\lib\10.0.26100.0\um\x64\winspool.lib:
      Searching C:\Program Files (x86)\Windows Kits\10\lib\10.0.26100.0\um\x64\comdlg32.lib:
      Searching C:\Program Files (x86)\Windows Kits\10\lib\10.0.26100.0\um\x64\advapi32.lib:
      Searching C:\Program Files (x86)\Windows Kits\10\lib\10.0.26100.0\um\x64\shell32.lib:
      Searching C:\Program Files (x86)\Windows Kits\10\lib\10.0.26100.0\um\x64\ole32.lib:
      Searching C:\Program Files (x86)\Windows Kits\10\lib\10.0.26100.0\um\x64\oleaut32.lib:
      Searching C:\Program Files (x86)\Windows Kits\10\lib\10.0.26100.0\um\x64\uuid.lib:
      Searching C:\Program Files (x86)\Windows Kits\10\lib\10.0.26100.0\um\x64\odbc32.lib:
      Searching C:\Program Files (x86)\Windows Kits\10\lib\10.0.26100.0\um\x64\odbccp32.lib:
      Searching C:\Program Files\Microsoft Visual Studio\2022\Community\VC\Tools\MSVC\14.44.35207\lib\x64\msvcprtd.lib:
      Searching C:\Program Files\Microsoft Visual Studio\2022\Community\VC\Tools\MSVC\14.44.35207\lib\x64\MSVCRTD.lib:
      Searching C:\Program Files\Microsoft Visual Studio\2022\Community\VC\Tools\MSVC\14.44.35207\lib\x64\OLDNAMES.lib:
      Searching C:\Program Files\Microsoft Visual Studio\2022\Community\VC\Tools\MSVC\14.44.35207\lib\x64\vcruntimed.lib:
      Searching C:\Program Files (x86)\Windows Kits\10\lib\10.0.26100.0\ucrt\x64\ucrtd.lib:
  
  Finished searching libraries
  
  Searching libraries
      Searching C:\Program Files (x86)\Windows Kits\10\lib\10.0.26100.0\um\x64\kernel32.lib:
      Searching C:\Program Files (x86)\Windows Kits\10\lib\10.0.26100.0\um\x64\user32.lib:
      Searching C:\Program Files (x86)\Windows Kits\10\lib\10.0.26100.0\um\x64\gdi32.lib:
      Searching C:\Program Files (x86)\Windows Kits\10\lib\10.0.26100.0\um\x64\winspool.lib:
      Searching C:\Program Files (x86)\Windows Kits\10\lib\10.0.26100.0\um\x64\comdlg32.lib:
      Searching C:\Program Files (x86)\Windows Kits\10\lib\10.0.26100.0\um\x64\advapi32.lib:
      Searching C:\Program Files (x86)\Windows Kits\10\lib\10.0.26100.0\um\x64\shell32.lib:
      Searching C:\Program Files (x86)\Windows Kits\10\lib\10.0.26100.0\um\x64\ole32.lib:
      Searching C:\Program Files (x86)\Windows Kits\10\lib\10.0.26100.0\um\x64\oleaut32.lib:
      Searching C:\Program Files (x86)\Windows Kits\10\lib\10.0.26100.0\um\x64\uuid.lib:
      Searching C:\Program Files (x86)\Windows Kits\10\lib\10.0.26100.0\um\x64\odbc32.lib:
      Searching C:\Program Files (x86)\Windows Kits\10\lib\10.0.26100.0\um\x64\odbccp32.lib:
      Searching C:\Program Files\Microsoft Visual Studio\2022\Community\VC\Tools\MSVC\14.44.35207\lib\x64\msvcprtd.lib:
      Searching C:\Program Files\Microsoft Visual Studio\2022\Community\VC\Tools\MSVC\14.44.35207\lib\x64\MSVCRTD.lib:
        Found __scrt_stub_for_acrt_initialize
          Loaded MSVCRTD.lib(ucrt_stubs.obj)
      Searching C:\Program Files\Microsoft Visual Studio\2022\Community\VC\Tools\MSVC\14.44.35207\lib\x64\OLDNAMES.lib:
      Searching C:\Program Files\Microsoft Visual Studio\2022\Community\VC\Tools\MSVC\14.44.35207\lib\x64\vcruntimed.lib:
      Searching C:\Program Files (x86)\Windows Kits\10\lib\10.0.26100.0\ucrt\x64\ucrtd.lib:
  
  Finished searching libraries
  
  Searching libraries
      Searching C:\Program Files (x86)\Windows Kits\10\lib\10.0.26100.0\um\x64\kernel32.lib:
      Searching C:\Program Files (x86)\Windows Kits\10\lib\10.0.26100.0\um\x64\user32.lib:
      Searching C:\Program Files (x86)\Windows Kits\10\lib\10.0.26100.0\um\x64\gdi32.lib:
      Searching C:\Program Files (x86)\Windows Kits\10\lib\10.0.26100.0\um\x64\winspool.lib:
      Searching C:\Program Files (x86)\Windows Kits\10\lib\10.0.26100.0\um\x64\comdlg32.lib:
      Searching C:\Program Files (x86)\Windows Kits\10\lib\10.0.26100.0\um\x64\advapi32.lib:
      Searching C:\Program Files (x86)\Windows Kits\10\lib\10.0.26100.0\um\x64\shell32.lib:
      Searching C:\Program Files (x86)\Windows Kits\10\lib\10.0.26100.0\um\x64\ole32.lib:
      Searching C:\Program Files (x86)\Windows Kits\10\lib\10.0.26100.0\um\x64\oleaut32.lib:
      Searching C:\Program Files (x86)\Windows Kits\10\lib\10.0.26100.0\um\x64\uuid.lib:
      Searching C:\Program Files (x86)\Windows Kits\10\lib\10.0.26100.0\um\x64\odbc32.lib:
      Searching C:\Program Files (x86)\Windows Kits\10\lib\10.0.26100.0\um\x64\odbccp32.lib:
      Searching C:\Program Files\Microsoft Visual Studio\2022\Community\VC\Tools\MSVC\14.44.35207\lib\x64\msvcprtd.lib:
      Searching C:\Program Files\Microsoft Visual Studio\2022\Community\VC\Tools\MSVC\14.44.35207\lib\x64\MSVCRTD.lib:
      Searching C:\Program Files\Microsoft Visual Studio\2022\Community\VC\Tools\MSVC\14.44.35207\lib\x64\OLDNAMES.lib:
      Searching C:\Program Files\Microsoft Visual Studio\2022\Community\VC\Tools\MSVC\14.44.35207\lib\x64\vcruntimed.lib:
      Searching C:\Program Files (x86)\Windows Kits\10\lib\10.0.26100.0\ucrt\x64\ucrtd.lib:
  
  Finished searching libraries
  
  Searching libraries
      Searching C:\Program Files (x86)\Windows Kits\10\lib\10.0.26100.0\um\x64\kernel32.lib:
      Searching C:\Program Files (x86)\Windows Kits\10\lib\10.0.26100.0\um\x64\user32.lib:
      Searching C:\Program Files (x86)\Windows Kits\10\lib\10.0.26100.0\um\x64\gdi32.lib:
      Searching C:\Program Files (x86)\Windows Kits\10\lib\10.0.26100.0\um\x64\winspool.lib:
      Searching C:\Program Files (x86)\Windows Kits\10\lib\10.0.26100.0\um\x64\comdlg32.lib:
      Searching C:\Program Files (x86)\Windows Kits\10\lib\10.0.26100.0\um\x64\advapi32.lib:
      Searching C:\Program Files (x86)\Windows Kits\10\lib\10.0.26100.0\um\x64\shell32.lib:
      Searching C:\Program Files (x86)\Windows Kits\10\lib\10.0.26100.0\um\x64\ole32.lib:
      Searching C:\Program Files (x86)\Windows Kits\10\lib\10.0.26100.0\um\x64\oleaut32.lib:
      Searching C:\Program Files (x86)\Windows Kits\10\lib\10.0.26100.0\um\x64\uuid.lib:
      Searching C:\Program Files (x86)\Windows Kits\10\lib\10.0.26100.0\um\x64\odbc32.lib:
      Searching C:\Program Files (x86)\Windows Kits\10\lib\10.0.26100.0\um\x64\odbccp32.lib:
      Searching C:\Program Files\Microsoft Visual Studio\2022\Community\VC\Tools\MSVC\14.44.35207\lib\x64\msvcprtd.lib:
      Searching C:\Program Files\Microsoft Visual Studio\2022\Community\VC\Tools\MSVC\14.44.35207\lib\x64\MSVCRTD.lib:
      Searching C:\Program Files\Microsoft Visual Studio\2022\Community\VC\Tools\MSVC\14.44.35207\lib\x64\OLDNAMES.lib:
      Searching C:\Program Files\Microsoft Visual Studio\2022\Community\VC\Tools\MSVC\14.44.35207\lib\x64\vcruntimed.lib:
      Searching C:\Program Files (x86)\Windows Kits\10\lib\10.0.26100.0\ucrt\x64\ucrtd.lib:
  
  Finished searching libraries
  
  Finished pass 1
  
  
  Searching libraries
      Searching C:\Program Files (x86)\Windows Kits\10\lib\10.0.26100.0\um\x64\kernel32.lib:
      Searching C:\Program Files (x86)\Windows Kits\10\lib\10.0.26100.0\um\x64\user32.lib:
      Searching C:\Program Files (x86)\Windows Kits\10\lib\10.0.26100.0\um\x64\gdi32.lib:
      Searching C:\Program Files (x86)\Windows Kits\10\lib\10.0.26100.0\um\x64\winspool.lib:
      Searching C:\Program Files (x86)\Windows Kits\10\lib\10.0.26100.0\um\x64\comdlg32.lib:
      Searching C:\Program Files (x86)\Windows Kits\10\lib\10.0.26100.0\um\x64\advapi32.lib:
      Searching C:\Program Files (x86)\Windows Kits\10\lib\10.0.26100.0\um\x64\shell32.lib:
      Searching C:\Program Files (x86)\Windows Kits\10\lib\10.0.26100.0\um\x64\ole32.lib:
      Searching C:\Program Files (x86)\Windows Kits\10\lib\10.0.26100.0\um\x64\oleaut32.lib:
      Searching C:\Program Files (x86)\Windows Kits\10\lib\10.0.26100.0\um\x64\uuid.lib:
      Searching C:\Program Files (x86)\Windows Kits\10\lib\10.0.26100.0\um\x64\odbc32.lib:
      Searching C:\Program Files (x86)\Windows Kits\10\lib\10.0.26100.0\um\x64\odbccp32.lib:
      Searching C:\Program Files\Microsoft Visual Studio\2022\Community\VC\Tools\MSVC\14.44.35207\lib\x64\msvcprtd.lib:
      Searching C:\Program Files\Microsoft Visual Studio\2022\Community\VC\Tools\MSVC\14.44.35207\lib\x64\MSVCRTD.lib:
        Found _load_config_used
          Loaded MSVCRTD.lib(loadcfg.obj)
      Searching C:\Program Files\Microsoft Visual Studio\2022\Community\VC\Tools\MSVC\14.44.35207\lib\x64\OLDNAMES.lib:
      Searching C:\Program Files\Microsoft Visual Studio\2022\Community\VC\Tools\MSVC\14.44.35207\lib\x64\vcruntimed.lib:
        Found __guard_memcpy_fptr
          Referenced in MSVCRTD.lib(loadcfg.obj)
          Loaded vcruntimed.lib(softmemtag.obj)
  
  Finished searching libraries
  
  Invoking rc.exe:
   /v
   /x
   /fo
   "C:\Users\user\AppData\Local\Temp\lnk{59A25B65-9A4D-4F55-BC75-5FA701A908C2}.tmp"
   "C:\Users\user\AppData\Local\Temp\lnk{EFED156F-9439-4468-A7D2-E90502331A7E}.tmp"
  Microsoft (R) Windows (R) Resource Compiler Version 10.0.10011.16384
  
  Copyright (C) Microsoft Corporation.  All rights reserved.
  
  
  Using codepage 1252 as default
  Creating C:\Users\user\AppData\Local\Temp\lnk{59A25B65-9A4D-4F55-BC75-5FA701A908C2}.tmp
  
  
  C:\Users\user\AppData\Local\Temp\lnk{EFED156F-9439-4468-A7D2-E90502331A7E}.tmp.
  Writing 24:1,	lang:0x409,	size 381
  
  Invoking cvtres.exe:
   /machine:amd64
   /verbose
   /out:"C:\Users\user\AppData\Local\Temp\lnk{5A607F91-A836-41FD-9763-60D9001CBBC8}.tmp"
   /readonly
   "C:\Users\user\AppData\Local\Temp\lnk{59A25B65-9A4D-4F55-BC75-5FA701A908C2}.tmp"
  Microsoft (R) Windows Resource To Object Converter Version 14.44.35223.0
  Copyright (C) Microsoft Corporation.  All rights reserved.
  
  adding resource. type:MANIFEST, name:1, language:0x0409, flags:0x30, size:381
  
  
  Unused libraries:
    C:\Program Files (x86)\Windows Kits\10\lib\10.0.26100.0\um\x64\user32.lib
    C:\Program Files (x86)\Windows Kits\10\lib\10.0.26100.0\um\x64\gdi32.lib
    C:\Program Files (x86)\Windows Kits\10\lib\10.0.26100.0\um\x64\winspool.lib
    C:\Program Files (x86)\Windows Kits\10\lib\10.0.26100.0\um\x64\comdlg32.lib
    C:\Program Files (x86)\Windows Kits\10\lib\10.0.26100.0\um\x64\advapi32.lib
    C:\Program Files (x86)\Windows Kits\10\lib\10.0.26100.0\um\x64\shell32.lib
    C:\Program Files (x86)\Windows Kits\10\lib\10.0.26100.0\um\x64\ole32.lib
    C:\Program Files (x86)\Windows Kits\10\lib\10.0.26100.0\um\x64\oleaut32.lib
    C:\Program Files (x86)\Windows Kits\10\lib\10.0.26100.0\um\x64\uuid.lib
    C:\Program Files (x86)\Windows Kits\10\lib\10.0.26100.0\um\x64\odbc32.lib
    C:\Program Files (x86)\Windows Kits\10\lib\10.0.26100.0\um\x64\odbccp32.lib
    C:\Program Files\Microsoft Visual Studio\2022\Community\VC\Tools\MSVC\14.44.35207\lib\x64\OLDNAMES.lib
  
  Starting pass 2
       * linker generated manifest res *
       Hell22.obj
       kernel32.lib(KERNEL32.dll)
       kernel32.lib(KERNEL32.dll)
       kernel32.lib(KERNEL32.dll)
       kernel32.lib(KERNEL32.dll)
       kernel32.lib(KERNEL32.dll)
       kernel32.lib(KERNEL32.dll)
       kernel32.lib(KERNEL32.dll)
       kernel32.lib(KERNEL32.dll)
       kernel32.lib(KERNEL32.dll)
       kernel32.lib(KERNEL32.dll)
       kernel32.lib(KERNEL32.dll)
       kernel32.lib(KERNEL32.dll)
       kernel32.lib(KERNEL32.dll)
       kernel32.lib(KERNEL32.dll)
       kernel32.lib(KERNEL32.dll)
       kernel32.lib(KERNEL32.dll)
       kernel32.lib(KERNEL32.dll)
       kernel32.lib(KERNEL32.dll)
       kernel32.lib(KERNEL32.dll)
       kernel32.lib(KERNEL32.dll)
       kernel32.lib(KERNEL32.dll)
       kernel32.lib(KERNEL32.dll)
       kernel32.lib(KERNEL32.dll)
       kernel32.lib(KERNEL32.dll)
       kernel32.lib(KERNEL32.dll)
       kernel32.lib(KERNEL32.dll)
       kernel32.lib(KERNEL32.dll)
       kernel32.lib(KERNEL32.dll)
       msvcprtd.lib(MSVCP140D.dll)
       msvcprtd.lib(MSVCP140D.dll)
       msvcprtd.lib(MSVCP140D.dll)
       msvcprtd.lib(MSVCP140D.dll)
       msvcprtd.lib(MSVCP140D.dll)
       msvcprtd.lib(MSVCP140D.dll)
       msvcprtd.lib(MSVCP140D.dll)
       msvcprtd.lib(MSVCP140D.dll)
       msvcprtd.lib(MSVCP140D.dll)
       msvcprtd.lib(MSVCP140D.dll)
       msvcprtd.lib(MSVCP140D.dll)
       msvcprtd.lib(MSVCP140D.dll)
       msvcprtd.lib(MSVCP140D.dll)
       msvcprtd.lib(MSVCP140D.dll)
       msvcprtd.lib(MSVCP140D.dll)
       msvcprtd.lib(MSVCP140D.dll)
       msvcprtd.lib(MSVCP140D.dll)
       msvcprtd.lib(MSVCP140D.dll)
       msvcprtd.lib(MSVCP140D.dll)
       msvcprtd.lib(MSVCP140D.dll)
       msvcprtd.lib(MSVCP140D.dll)
       msvcprtd.lib(MSVCP140D.dll)
       msvcprtd.lib(MSVCP140D.dll)
       msvcprtd.lib(MSVCP140D.dll)
       msvcprtd.lib(MSVCP140D.dll)
       msvcprtd.lib(MSVCP140D.dll)
       msvcprtd.lib(MSVCP140D.dll)
       msvcprtd.lib(MSVCP140D.dll)
       msvcprtd.lib(MSVCP140D.dll)
       msvcprtd.lib(MSVCP140D.dll)
       msvcprtd.lib(MSVCP140D.dll)
       msvcprtd.lib(MSVCP140D.dll)
       msvcprtd.lib(MSVCP140D.dll)
       msvcprtd.lib(MSVCP140D.dll)
       msvcprtd.lib(MSVCP140D.dll)
       msvcprtd.lib(MSVCP140D.dll)
       msvcprtd.lib(MSVCP140D.dll)
       msvcprtd.lib(locale0_implib.obj)
       MSVCRTD.lib(argv_mode.obj)
       MSVCRTD.lib(commit_mode.obj)
       MSVCRTD.lib(default_local_stdio_options.obj)
       MSVCRTD.lib(denormal_control.obj)
       MSVCRTD.lib(env_mode.obj)
       MSVCRTD.lib(file_mode.obj)
       MSVCRTD.lib(fltused.obj)
       MSVCRTD.lib(invalid_parameter_handler.obj)
       MSVCRTD.lib(matherr.obj)
       MSVCRTD.lib(new_mode.obj)
       MSVCRTD.lib(thread_locale.obj)
       MSVCRTD.lib(std_type_info_static.obj)
       MSVCRTD.lib(tncleanup.obj)
       MSVCRTD.lib(delete_scalar.obj)
       MSVCRTD.lib(delete_scalar_size.obj)
       MSVCRTD.lib(new_scalar.obj)
       MSVCRTD.lib(throw_bad_alloc.obj)
       MSVCRTD.lib(exe_main.obj)
       MSVCRTD.lib(tlssup.obj)
       MSVCRTD.lib(initializers.obj)
       MSVCRTD.lib(utility.obj)
       MSVCRTD.lib(ucrt_stubs.obj)
       MSVCRTD.lib(gs_cookie.obj)
       MSVCRTD.lib(gs_report.obj)
       MSVCRTD.lib(gs_support.obj)
       MSVCRTD.lib(debugger_jmc.obj)
       MSVCRTD.lib(guard_support.obj)
       MSVCRTD.lib(loadcfg.obj)
       MSVCRTD.lib(dyn_tls_dtor.obj)
       MSVCRTD.lib(dyn_tls_init.obj)
       MSVCRTD.lib(matherr_detection.obj)
       MSVCRTD.lib(ucrt_detection.obj)
       MSVCRTD.lib(cpu_disp.obj)
       MSVCRTD.lib(utility_desktop.obj)
       MSVCRTD.lib(error.obj)
       MSVCRTD.lib(init.obj)
       MSVCRTD.lib(initsect.obj)
       MSVCRTD.lib(pdblkup.obj)
       MSVCRTD.lib(stack.obj)
       MSVCRTD.lib(userapi.obj)
       MSVCRTD.lib(gshandler.obj)
       MSVCRTD.lib(gshandlereh4.obj)
       MSVCRTD.lib(amdsecgs.obj)
       MSVCRTD.lib(chkstk.obj)
       MSVCRTD.lib(guard_dispatch.obj)
       MSVCRTD.lib(guard_xfg_dispatch.obj)
       vcruntimed.lib(VCRUNTIME140_1D.dll)
       vcruntimed.lib(VCRUNTIME140_1D.dll)
       vcruntimed.lib(VCRUNTIME140_1D.dll)
       vcruntimed.lib(VCRUNTIME140D.dll)
       vcruntimed.lib(VCRUNTIME140D.dll)
       vcruntimed.lib(VCRUNTIME140D.dll)
       vcruntimed.lib(VCRUNTIME140D.dll)
       vcruntimed.lib(VCRUNTIME140D.dll)
       vcruntimed.lib(VCRUNTIME140D.dll)
       vcruntimed.lib(VCRUNTIME140D.dll)
       vcruntimed.lib(VCRUNTIME140D.dll)
       vcruntimed.lib(VCRUNTIME140D.dll)
       vcruntimed.lib(VCRUNTIME140D.dll)
       vcruntimed.lib(VCRUNTIME140D.dll)
       vcruntimed.lib(VCRUNTIME140D.dll)
       vcruntimed.lib(VCRUNTIME140D.dll)
       vcruntimed.lib(VCRUNTIME140D.dll)
       vcruntimed.lib(VCRUNTIME140D.dll)
       vcruntimed.lib(VCRUNTIME140D.dll)
       vcruntimed.lib(VCRUNTIME140D.dll)
       vcruntimed.lib(VCRUNTIME140D.dll)
       vcruntimed.lib(softmemtag.obj)
       ucrtd.lib(ucrtbased.dll)
       ucrtd.lib(ucrtbased.dll)
       ucrtd.lib(ucrtbased.dll)
       ucrtd.lib(ucrtbased.dll)
       ucrtd.lib(ucrtbased.dll)
       ucrtd.lib(ucrtbased.dll)
       ucrtd.lib(ucrtbased.dll)
       ucrtd.lib(ucrtbased.dll)
       ucrtd.lib(ucrtbased.dll)
       ucrtd.lib(ucrtbased.dll)
       ucrtd.lib(ucrtbased.dll)
       ucrtd.lib(ucrtbased.dll)
       ucrtd.lib(ucrtbased.dll)
       ucrtd.lib(ucrtbased.dll)
       ucrtd.lib(ucrtbased.dll)
       ucrtd.lib(ucrtbased.dll)
       ucrtd.lib(ucrtbased.dll)
       ucrtd.lib(ucrtbased.dll)
       ucrtd.lib(ucrtbased.dll)
       ucrtd.lib(ucrtbased.dll)
       ucrtd.lib(ucrtbased.dll)
       ucrtd.lib(ucrtbased.dll)
       ucrtd.lib(ucrtbased.dll)
       ucrtd.lib(ucrtbased.dll)
       ucrtd.lib(ucrtbased.dll)
       ucrtd.lib(ucrtbased.dll)
       ucrtd.lib(ucrtbased.dll)
       ucrtd.lib(ucrtbased.dll)
       ucrtd.lib(ucrtbased.dll)
       ucrtd.lib(ucrtbased.dll)
       ucrtd.lib(ucrtbased.dll)
       ucrtd.lib(ucrtbased.dll)
       ucrtd.lib(ucrtbased.dll)
       ucrtd.lib(ucrtbased.dll)
       ucrtd.lib(ucrtbased.dll)
       ucrtd.lib(ucrtbased.dll)
       ucrtd.lib(ucrtbased.dll)
       ucrtd.lib(ucrtbased.dll)
       ucrtd.lib(ucrtbased.dll)
       ucrtd.lib(ucrtbased.dll)
       ucrtd.lib(ucrtbased.dll)
       ucrtd.lib(ucrtbased.dll)
       ucrtd.lib(ucrtbased.dll)
       ucrtd.lib(ucrtbased.dll)
       ucrtd.lib(ucrtbased.dll)
       ucrtd.lib(ucrtbased.dll)
       ucrtd.lib(ucrtbased.dll)
       ucrtd.lib(ucrtbased.dll)
       ucrtd.lib(ucrtbased.dll)
       ucrtd.lib(ucrtbased.dll)
       ucrtd.lib(ucrtbased.dll)
       ucrtd.lib(ucrtbased.dll)
       ucrtd.lib(ucrtbased.dll)
       ucrtd.lib(ucrtbased.dll)
       ucrtd.lib(ucrtbased.dll)
       ucrtd.lib(ucrtbased.dll)
       ucrtd.lib(ucrtbased.dll)
       ucrtd.lib(ucrtbased.dll)
       ucrtd.lib(ucrtbased.dll)
       ucrtd.lib(ucrtbased.dll)
       ucrtd.lib(ucrtbased.dll)
       ucrtd.lib(ucrtbased.dll)
       ucrtd.lib(ucrtbased.dll)
  Finished pass 2
  Hell2.vcxproj -> C:\Users\user\OneDrive\New folder\OneDrive\Documents\CS213-2026-2027-Assignment1-v4\Hell2\x64\Debug\Hell2.exe
